warning: missing documentation for a type alias
  --> crates/duke-classfile/src/error.rs:98:1
   |
98 | pub type ParseError = Error;
   | ^^^^^^^^^^^^^^^^^^^
   |
   = note: requested on the command line with `-W missing-docs`

warning: missing documentation for a type alias
  --> crates/duke-classfile/src/error.rs:99:1
   |
99 | pub type ParseResult<T> = Result<T>;
   | ^^^^^^^^^^^^^^^^^^^^^^^

warning: `duke-classfile` (lib) generated 2 warnings
warning: missing documentation for a type alias
  --> crates/duke-loader/src/error.rs:62:1
   |
62 | pub type LoadError = Error;
   | ^^^^^^^^^^^^^^^^^^
   |
   = note: requested on the command line with `-W missing-docs`

warning: missing documentation for a type alias
  --> crates/duke-loader/src/error.rs:63:1
   |
63 | pub type LoadResult<T> = Result<T>;
   | ^^^^^^^^^^^^^^^^^^^^^^

warning: `duke-loader` (lib) generated 2 warnings
warning: missing documentation for a struct
  --> crates/duke-gc/src/lib.rs:70:1
   |
70 | pub struct HostProcessHandle {
   | ^^^^^^^^^^^^^^^^^^^^^^^^^^^^
   |
   = note: requested on the command line with `-W missing-docs`

warning: missing documentation for a struct
  --> crates/duke-gc/src/lib.rs:76:1
   |
76 | pub struct SpawnedProcessIds {
   | ^^^^^^^^^^^^^^^^^^^^^^^^^^^^

warning: missing documentation for a struct field
  --> crates/duke-gc/src/lib.rs:77:5
   |
77 |     pub process_id: i32,
   |     ^^^^^^^^^^^^^^^^^^^

warning: missing documentation for a struct field
  --> crates/duke-gc/src/lib.rs:78:5
   |
78 |     pub stdin_id: i32,
   |     ^^^^^^^^^^^^^^^^^

warning: missing documentation for a struct field
  --> crates/duke-gc/src/lib.rs:79:5
   |
79 |     pub stdout_id: i32,
   |     ^^^^^^^^^^^^^^^^^^

warning: missing documentation for a struct field
  --> crates/duke-gc/src/lib.rs:80:5
   |
80 |     pub stderr_id: i32,
   |     ^^^^^^^^^^^^^^^^^^

warning: missing documentation for a variant
  --> crates/duke-bytecode/src/error.rs:25:5
   |
25 |     Decode(#[from] DecodeError),
   |     ^^^^^^
   |
   = note: requested on the command line with `-W missing-docs`

warning: missing documentation for a variant
  --> crates/duke-bytecode/src/error.rs:28:5
   |
28 |     Verify(#[from] VerifyError),
   |     ^^^^^^

warning: missing documentation for an enum
  --> crates/duke-bytecode/src/error.rs:32:1
   |
32 | pub enum DecodeError {
   | ^^^^^^^^^^^^^^^^^^^^

warning: missing documentation for a variant
  --> crates/duke-bytecode/src/error.rs:34:5
   |
34 |     UnexpectedEof { pc: usize },
   |     ^^^^^^^^^^^^^

warning: missing documentation for a struct field
  --> crates/duke-bytecode/src/error.rs:34:21
   |
34 |     UnexpectedEof { pc: usize },
   |                     ^^^^^^^^^

warning: missing documentation for a variant
  --> crates/duke-bytecode/src/error.rs:37:5
   |
37 |     UnknownOpcode { pc: usize, opcode: u8 },
   |     ^^^^^^^^^^^^^

warning: missing documentation for a struct field
  --> crates/duke-bytecode/src/error.rs:37:21
   |
37 |     UnknownOpcode { pc: usize, opcode: u8 },
   |                     ^^^^^^^^^

warning: missing documentation for a struct field
  --> crates/duke-bytecode/src/error.rs:37:32
   |
37 |     UnknownOpcode { pc: usize, opcode: u8 },
   |                                ^^^^^^^^^^

warning: missing documentation for a variant
  --> crates/duke-bytecode/src/error.rs:40:5
   |
40 |     InvalidWideTarget { pc: usize, opcode: u8 },
   |     ^^^^^^^^^^^^^^^^^

warning: missing documentation for a struct field
  --> crates/duke-bytecode/src/error.rs:40:25
   |
40 |     InvalidWideTarget { pc: usize, opcode: u8 },
   |                         ^^^^^^^^^

warning: missing documentation for a struct field
  --> crates/duke-bytecode/src/error.rs:40:36
   |
40 |     InvalidWideTarget { pc: usize, opcode: u8 },
   |                                    ^^^^^^^^^^

warning: missing documentation for a variant
  --> crates/duke-bytecode/src/error.rs:43:5
   |
43 |     InvalidTableswitch { pc: usize, low: i32, high: i32 },
   |     ^^^^^^^^^^^^^^^^^^

warning: missing documentation for a struct field
  --> crates/duke-bytecode/src/error.rs:43:26
   |
43 |     InvalidTableswitch { pc: usize, low: i32, high: i32 },
   |                          ^^^^^^^^^

warning: missing documentation for a struct field
  --> crates/duke-bytecode/src/error.rs:43:37
   |
43 |     InvalidTableswitch { pc: usize, low: i32, high: i32 },
   |                                     ^^^^^^^^

warning: missing documentation for a struct field
  --> crates/duke-bytecode/src/error.rs:43:47
   |
43 |     InvalidTableswitch { pc: usize, low: i32, high: i32 },
   |                                               ^^^^^^^^^

warning: missing documentation for a variant
  --> crates/duke-bytecode/src/error.rs:46:5
   |
46 |     InvalidLookupswitch { pc: usize, npairs: i32 },
   |     ^^^^^^^^^^^^^^^^^^^

warning: missing documentation for a struct field
  --> crates/duke-bytecode/src/error.rs:46:27
   |
46 |     InvalidLookupswitch { pc: usize, npairs: i32 },
   |                           ^^^^^^^^^

warning: missing documentation for a struct field
  --> crates/duke-bytecode/src/error.rs:46:38
   |
46 |     InvalidLookupswitch { pc: usize, npairs: i32 },
   |                                      ^^^^^^^^^^^

warning: missing documentation for a variant
  --> crates/duke-bytecode/src/error.rs:49:5
   |
49 |     InvalidNewarrayType { pc: usize, type_code: u8 },
   |     ^^^^^^^^^^^^^^^^^^^

warning: missing documentation for a struct field
  --> crates/duke-bytecode/src/error.rs:49:27
   |
49 |     InvalidNewarrayType { pc: usize, type_code: u8 },
   |                           ^^^^^^^^^

warning: missing documentation for a struct field
  --> crates/duke-bytecode/src/error.rs:49:38
   |
49 |     InvalidNewarrayType { pc: usize, type_code: u8 },
   |                                      ^^^^^^^^^^^^^

warning: missing documentation for a variant
  --> crates/duke-bytecode/src/error.rs:52:5
   |
52 |     InvalidInvokeinterfaceReserved { pc: usize, reserved: u8 },
   |     ^^^^^^^^^^^^^^^^^^^^^^^^^^^^^^

warning: missing documentation for a struct field
  --> crates/duke-bytecode/src/error.rs:52:38
   |
52 |     InvalidInvokeinterfaceReserved { pc: usize, reserved: u8 },
   |                                      ^^^^^^^^^

warning: missing documentation for a struct field
  --> crates/duke-bytecode/src/error.rs:52:49
   |
52 |     InvalidInvokeinterfaceReserved { pc: usize, reserved: u8 },
   |                                                 ^^^^^^^^^^^^

warning: missing documentation for a variant
  --> crates/duke-bytecode/src/error.rs:55:5
   |
55 |     InvalidInvokedynamicReserved {
   |     ^^^^^^^^^^^^^^^^^^^^^^^^^^^^

warning: missing documentation for a struct field
  --> crates/duke-bytecode/src/error.rs:56:9
   |
56 |         pc: usize,
   |         ^^^^^^^^^

warning: missing documentation for a struct field
  --> crates/duke-bytecode/src/error.rs:57:9
   |
57 |         reserved1: u8,
   |         ^^^^^^^^^^^^^

warning: missing documentation for a struct field
  --> crates/duke-bytecode/src/error.rs:58:9
   |
58 |         reserved2: u8,
   |         ^^^^^^^^^^^^^

warning: missing documentation for a type alias
  --> crates/duke-bytecode/src/error.rs:62:1
   |
62 | pub type DecodeResult<T> = std::result::Result<T, DecodeError>;
   | ^^^^^^^^^^^^^^^^^^^^^^^^

warning: missing documentation for a variant
  --> crates/duke-bytecode/src/error.rs:84:5
   |
84 |     StackOverflow {
   |     ^^^^^^^^^^^^^

warning: missing documentation for a struct field
  --> crates/duke-bytecode/src/error.rs:85:9
   |
85 |         pc: usize,
   |         ^^^^^^^^^

warning: missing documentation for a struct field
  --> crates/duke-bytecode/src/error.rs:86:9
   |
86 |         depth: usize,
   |         ^^^^^^^^^^^^

warning: missing documentation for a struct field
  --> crates/duke-bytecode/src/error.rs:87:9
   |
87 |         max_stack: usize,
   |         ^^^^^^^^^^^^^^^^

warning: missing documentation for a variant
  --> crates/duke-bytecode/src/error.rs:91:5
   |
91 |     StackUnderflow { pc: usize },
   |     ^^^^^^^^^^^^^^

warning: missing documentation for a struct field
  --> crates/duke-bytecode/src/error.rs:91:22
   |
91 |     StackUnderflow { pc: usize },
   |                      ^^^^^^^^^

warning: missing documentation for a variant
  --> crates/duke-bytecode/src/error.rs:94:5
   |
94 |     LocalOutOfBounds {
   |     ^^^^^^^^^^^^^^^^

warning: missing documentation for a struct field
  --> crates/duke-bytecode/src/error.rs:95:9
   |
95 |         pc: usize,
   |         ^^^^^^^^^

warning: missing documentation for a struct field
  --> crates/duke-bytecode/src/error.rs:96:9
   |
96 |         index: usize,
   |         ^^^^^^^^^^^^

warning: missing documentation for a struct field
  --> crates/duke-bytecode/src/error.rs:97:9
   |
97 |         max_locals: usize,
   |         ^^^^^^^^^^^^^^^^^

warning: missing documentation for a variant
   --> crates/duke-bytecode/src/error.rs:101:5
    |
101 |     NonEmptyStackOnReturn { pc: usize, depth: usize },
    |     ^^^^^^^^^^^^^^^^^^^^^

warning: missing documentation for a struct field
   --> crates/duke-bytecode/src/error.rs:101:29
    |
101 |     NonEmptyStackOnReturn { pc: usize, depth: usize },
    |                             ^^^^^^^^^

warning: missing documentation for a struct field
   --> crates/duke-bytecode/src/error.rs:101:40
    |
101 |     NonEmptyStackOnReturn { pc: usize, depth: usize },
    |                                        ^^^^^^^^^^^^

warning: missing documentation for a type alias
   --> crates/duke-bytecode/src/error.rs:104:1
    |
104 | pub type VerifyResult<T> = std::result::Result<T, VerifyError>;
    | ^^^^^^^^^^^^^^^^^^^^^^^^

warning: missing documentation for a type alias
   --> crates/duke-bytecode/src/error.rs:105:1
    |
105 | pub type Result<T> = std::result::Result<T, Error>;
    | ^^^^^^^^^^^^^^^^^^

warning: missing documentation for a variant
  --> crates/duke-bytecode/src/instruction.rs:12:5
   |
12 |     Boolean = 4,
   |     ^^^^^^^

warning: missing documentation for a variant
  --> crates/duke-bytecode/src/instruction.rs:13:5
   |
13 |     Char = 5,
   |     ^^^^

warning: missing documentation for a variant
  --> crates/duke-bytecode/src/instruction.rs:14:5
   |
14 |     Float = 6,
   |     ^^^^^

warning: missing documentation for a variant
  --> crates/duke-bytecode/src/instruction.rs:15:5
   |
15 |     Double = 7,
   |     ^^^^^^

warning: missing documentation for a variant
  --> crates/duke-bytecode/src/instruction.rs:16:5
   |
16 |     Byte = 8,
   |     ^^^^

warning: missing documentation for a variant
  --> crates/duke-bytecode/src/instruction.rs:17:5
   |
17 |     Short = 9,
   |     ^^^^^

warning: missing documentation for a variant
  --> crates/duke-bytecode/src/instruction.rs:18:5
   |
18 |     Int = 10,
   |     ^^^

warning: missing documentation for a variant
  --> crates/duke-bytecode/src/instruction.rs:19:5
   |
19 |     Long = 11,
   |     ^^^^

warning: missing documentation for an associated function
  --> crates/duke-bytecode/src/instruction.rs:24:5
   |
24 |     pub const fn from_u8(v: u8) -> Option<Self> {
   |     ^^^^^^^^^^^^^^^^^^^^^^^^^^^^^^^^^^^^^^^^^^^

warning: missing documentation for a variant
  --> crates/duke-bytecode/src/instruction.rs:48:5
   |
48 |     Nop,
   |     ^^^

warning: missing documentation for a variant
  --> crates/duke-bytecode/src/instruction.rs:49:5
   |
49 |     AconstNull,
   |     ^^^^^^^^^^

warning: missing documentation for a variant
  --> crates/duke-bytecode/src/instruction.rs:50:5
   |
50 |     IconstM1,
   |     ^^^^^^^^

warning: missing documentation for a variant
  --> crates/duke-bytecode/src/instruction.rs:51:5
   |
51 |     Iconst0,
   |     ^^^^^^^

warning: missing documentation for a variant
  --> crates/duke-bytecode/src/instruction.rs:52:5
   |
52 |     Iconst1,
   |     ^^^^^^^

warning: missing documentation for a variant
  --> crates/duke-bytecode/src/instruction.rs:53:5
   |
53 |     Iconst2,
   |     ^^^^^^^

warning: missing documentation for a variant
  --> crates/duke-bytecode/src/instruction.rs:54:5
   |
54 |     Iconst3,
   |     ^^^^^^^

warning: missing documentation for a variant
  --> crates/duke-bytecode/src/instruction.rs:55:5
   |
55 |     Iconst4,
   |     ^^^^^^^

warning: missing documentation for a variant
  --> crates/duke-bytecode/src/instruction.rs:56:5
   |
56 |     Iconst5,
   |     ^^^^^^^

warning: missing documentation for a variant
  --> crates/duke-bytecode/src/instruction.rs:57:5
   |
57 |     Lconst0,
   |     ^^^^^^^

warning: missing documentation for a variant
  --> crates/duke-bytecode/src/instruction.rs:58:5
   |
58 |     Lconst1,
   |     ^^^^^^^

warning: missing documentation for a variant
  --> crates/duke-bytecode/src/instruction.rs:59:5
   |
59 |     Fconst0,
   |     ^^^^^^^

warning: missing documentation for a variant
  --> crates/duke-bytecode/src/instruction.rs:60:5
   |
60 |     Fconst1,
   |     ^^^^^^^

warning: missing documentation for a variant
  --> crates/duke-bytecode/src/instruction.rs:61:5
   |
61 |     Fconst2,
   |     ^^^^^^^

warning: missing documentation for a variant
  --> crates/duke-bytecode/src/instruction.rs:62:5
   |
62 |     Dconst0,
   |     ^^^^^^^

warning: missing documentation for a variant
  --> crates/duke-bytecode/src/instruction.rs:63:5
   |
63 |     Dconst1,
   |     ^^^^^^^

warning: missing documentation for a variant
  --> crates/duke-bytecode/src/instruction.rs:64:5
   |
64 |     Bipush(i8),
   |     ^^^^^^

warning: missing documentation for a variant
  --> crates/duke-bytecode/src/instruction.rs:65:5
   |
65 |     Sipush(i16),
   |     ^^^^^^

warning: missing documentation for a variant
  --> crates/duke-bytecode/src/instruction.rs:66:5
   |
66 |     Ldc(u8),
   |     ^^^

warning: missing documentation for a variant
  --> crates/duke-bytecode/src/instruction.rs:67:5
   |
67 |     LdcW(CpIndex),
   |     ^^^^

warning: missing documentation for a variant
  --> crates/duke-bytecode/src/instruction.rs:68:5
   |
68 |     Ldc2W(CpIndex),
   |     ^^^^^

warning: missing documentation for a variant
  --> crates/duke-bytecode/src/instruction.rs:73:5
   |
73 |     Iload(u8),
   |     ^^^^^

warning: missing documentation for a variant
  --> crates/duke-bytecode/src/instruction.rs:74:5
   |
74 |     Lload(u8),
   |     ^^^^^

warning: missing documentation for a variant
  --> crates/duke-bytecode/src/instruction.rs:75:5
   |
75 |     Fload(u8),
   |     ^^^^^

warning: missing documentation for a variant
  --> crates/duke-bytecode/src/instruction.rs:76:5
   |
76 |     Dload(u8),
   |     ^^^^^

warning: missing documentation for a variant
  --> crates/duke-bytecode/src/instruction.rs:77:5
   |
77 |     Aload(u8),
   |     ^^^^^

warning: missing documentation for a variant
  --> crates/duke-bytecode/src/instruction.rs:78:5
   |
78 |     Iload0,
   |     ^^^^^^

warning: missing documentation for a variant
  --> crates/duke-bytecode/src/instruction.rs:79:5
   |
79 |     Iload1,
   |     ^^^^^^

warning: missing documentation for a variant
  --> crates/duke-bytecode/src/instruction.rs:80:5
   |
80 |     Iload2,
   |     ^^^^^^

warning: missing documentation for a variant
  --> crates/duke-bytecode/src/instruction.rs:81:5
   |
81 |     Iload3,
   |     ^^^^^^

warning: missing documentation for a variant
  --> crates/duke-bytecode/src/instruction.rs:82:5
   |
82 |     Lload0,
   |     ^^^^^^

warning: missing documentation for a variant
  --> crates/duke-bytecode/src/instruction.rs:83:5
   |
83 |     Lload1,
   |     ^^^^^^

warning: missing documentation for a variant
  --> crates/duke-bytecode/src/instruction.rs:84:5
   |
84 |     Lload2,
   |     ^^^^^^

warning: missing documentation for a variant
  --> crates/duke-bytecode/src/instruction.rs:85:5
   |
85 |     Lload3,
   |     ^^^^^^

warning: missing documentation for a variant
  --> crates/duke-bytecode/src/instruction.rs:86:5
   |
86 |     Fload0,
   |     ^^^^^^

warning: missing documentation for a variant
  --> crates/duke-bytecode/src/instruction.rs:87:5
   |
87 |     Fload1,
   |     ^^^^^^

warning: missing documentation for a variant
  --> crates/duke-bytecode/src/instruction.rs:88:5
   |
88 |     Fload2,
   |     ^^^^^^

warning: missing documentation for a variant
  --> crates/duke-bytecode/src/instruction.rs:89:5
   |
89 |     Fload3,
   |     ^^^^^^

warning: missing documentation for a variant
  --> crates/duke-bytecode/src/instruction.rs:90:5
   |
90 |     Dload0,
   |     ^^^^^^

warning: missing documentation for a variant
  --> crates/duke-bytecode/src/instruction.rs:91:5
   |
91 |     Dload1,
   |     ^^^^^^

warning: missing documentation for a variant
  --> crates/duke-bytecode/src/instruction.rs:92:5
   |
92 |     Dload2,
   |     ^^^^^^

warning: missing documentation for a variant
  --> crates/duke-bytecode/src/instruction.rs:93:5
   |
93 |     Dload3,
   |     ^^^^^^

warning: missing documentation for a variant
  --> crates/duke-bytecode/src/instruction.rs:94:5
   |
94 |     Aload0,
   |     ^^^^^^

warning: missing documentation for a variant
  --> crates/duke-bytecode/src/instruction.rs:95:5
   |
95 |     Aload1,
   |     ^^^^^^

warning: missing documentation for a variant
  --> crates/duke-bytecode/src/instruction.rs:96:5
   |
96 |     Aload2,
   |     ^^^^^^

warning: missing documentation for a variant
  --> crates/duke-bytecode/src/instruction.rs:97:5
   |
97 |     Aload3,
   |     ^^^^^^

warning: missing documentation for a variant
  --> crates/duke-bytecode/src/instruction.rs:98:5
   |
98 |     Iaload,
   |     ^^^^^^

warning: missing documentation for a variant
  --> crates/duke-bytecode/src/instruction.rs:99:5
   |
99 |     Laload,
   |     ^^^^^^

warning: missing documentation for a variant
   --> crates/duke-bytecode/src/instruction.rs:100:5
    |
100 |     Faload,
    |     ^^^^^^

warning: missing documentation for a variant
   --> crates/duke-bytecode/src/instruction.rs:101:5
    |
101 |     Daload,
    |     ^^^^^^

warning: missing documentation for a variant
   --> crates/duke-bytecode/src/instruction.rs:102:5
    |
102 |     Aaload,
    |     ^^^^^^

warning: missing documentation for a variant
   --> crates/duke-bytecode/src/instruction.rs:103:5
    |
103 |     Baload,
    |     ^^^^^^

warning: missing documentation for a variant
   --> crates/duke-bytecode/src/instruction.rs:104:5
    |
104 |     Caload,
    |     ^^^^^^

warning: missing documentation for a variant
   --> crates/duke-bytecode/src/instruction.rs:105:5
    |
105 |     Saload,
    |     ^^^^^^

warning: missing documentation for a variant
   --> crates/duke-bytecode/src/instruction.rs:110:5
    |
110 |     Istore(u8),
    |     ^^^^^^

warning: missing documentation for a variant
   --> crates/duke-bytecode/src/instruction.rs:111:5
    |
111 |     Lstore(u8),
    |     ^^^^^^

warning: missing documentation for a variant
   --> crates/duke-bytecode/src/instruction.rs:112:5
    |
112 |     Fstore(u8),
    |     ^^^^^^

warning: missing documentation for a variant
   --> crates/duke-bytecode/src/instruction.rs:113:5
    |
113 |     Dstore(u8),
    |     ^^^^^^

warning: missing documentation for a variant
   --> crates/duke-bytecode/src/instruction.rs:114:5
    |
114 |     Astore(u8),
    |     ^^^^^^

warning: missing documentation for a variant
   --> crates/duke-bytecode/src/instruction.rs:115:5
    |
115 |     Istore0,
    |     ^^^^^^^

warning: missing documentation for a variant
   --> crates/duke-bytecode/src/instruction.rs:116:5
    |
116 |     Istore1,
    |     ^^^^^^^

warning: missing documentation for a variant
   --> crates/duke-bytecode/src/instruction.rs:117:5
    |
117 |     Istore2,
    |     ^^^^^^^

warning: missing documentation for a variant
   --> crates/duke-bytecode/src/instruction.rs:118:5
    |
118 |     Istore3,
    |     ^^^^^^^

warning: missing documentation for a variant
   --> crates/duke-bytecode/src/instruction.rs:119:5
    |
119 |     Lstore0,
    |     ^^^^^^^

warning: missing documentation for a variant
   --> crates/duke-bytecode/src/instruction.rs:120:5
    |
120 |     Lstore1,
    |     ^^^^^^^

warning: missing documentation for a variant
   --> crates/duke-bytecode/src/instruction.rs:121:5
    |
121 |     Lstore2,
    |     ^^^^^^^

warning: missing documentation for a variant
   --> crates/duke-bytecode/src/instruction.rs:122:5
    |
122 |     Lstore3,
    |     ^^^^^^^

warning: missing documentation for a variant
   --> crates/duke-bytecode/src/instruction.rs:123:5
    |
123 |     Fstore0,
    |     ^^^^^^^

warning: missing documentation for a variant
   --> crates/duke-bytecode/src/instruction.rs:124:5
    |
124 |     Fstore1,
    |     ^^^^^^^

warning: missing documentation for a variant
   --> crates/duke-bytecode/src/instruction.rs:125:5
    |
125 |     Fstore2,
    |     ^^^^^^^

warning: missing documentation for a variant
   --> crates/duke-bytecode/src/instruction.rs:126:5
    |
126 |     Fstore3,
    |     ^^^^^^^

warning: missing documentation for a variant
   --> crates/duke-bytecode/src/instruction.rs:127:5
    |
127 |     Dstore0,
    |     ^^^^^^^

warning: missing documentation for a variant
   --> crates/duke-bytecode/src/instruction.rs:128:5
    |
128 |     Dstore1,
    |     ^^^^^^^

warning: missing documentation for a variant
   --> crates/duke-bytecode/src/instruction.rs:129:5
    |
129 |     Dstore2,
    |     ^^^^^^^

warning: missing documentation for a variant
   --> crates/duke-bytecode/src/instruction.rs:130:5
    |
130 |     Dstore3,
    |     ^^^^^^^

warning: missing documentation for a variant
   --> crates/duke-bytecode/src/instruction.rs:131:5
    |
131 |     Astore0,
    |     ^^^^^^^

warning: missing documentation for a variant
   --> crates/duke-bytecode/src/instruction.rs:132:5
    |
132 |     Astore1,
    |     ^^^^^^^

warning: missing documentation for a variant
   --> crates/duke-bytecode/src/instruction.rs:133:5
    |
133 |     Astore2,
    |     ^^^^^^^

warning: missing documentation for a variant
   --> crates/duke-bytecode/src/instruction.rs:134:5
    |
134 |     Astore3,
    |     ^^^^^^^

warning: missing documentation for a variant
   --> crates/duke-bytecode/src/instruction.rs:135:5
    |
135 |     Iastore,
    |     ^^^^^^^

warning: missing documentation for a variant
   --> crates/duke-bytecode/src/instruction.rs:136:5
    |
136 |     Lastore,
    |     ^^^^^^^

warning: missing documentation for a variant
   --> crates/duke-bytecode/src/instruction.rs:137:5
    |
137 |     Fastore,
    |     ^^^^^^^

warning: missing documentation for a variant
   --> crates/duke-bytecode/src/instruction.rs:138:5
    |
138 |     Dastore,
    |     ^^^^^^^

warning: missing documentation for a variant
   --> crates/duke-bytecode/src/instruction.rs:139:5
    |
139 |     Aastore,
    |     ^^^^^^^

warning: missing documentation for a variant
   --> crates/duke-bytecode/src/instruction.rs:140:5
    |
140 |     Bastore,
    |     ^^^^^^^

warning: missing documentation for a variant
   --> crates/duke-bytecode/src/instruction.rs:141:5
    |
141 |     Castore,
    |     ^^^^^^^

warning: missing documentation for a variant
   --> crates/duke-bytecode/src/instruction.rs:142:5
    |
142 |     Sastore,
    |     ^^^^^^^

warning: missing documentation for a variant
   --> crates/duke-bytecode/src/instruction.rs:147:5
    |
147 |     Pop,
    |     ^^^

warning: missing documentation for a variant
   --> crates/duke-bytecode/src/instruction.rs:148:5
    |
148 |     Pop2,
    |     ^^^^

warning: missing documentation for a variant
   --> crates/duke-bytecode/src/instruction.rs:149:5
    |
149 |     Dup,
    |     ^^^

warning: missing documentation for a variant
   --> crates/duke-bytecode/src/instruction.rs:150:5
    |
150 |     DupX1,
    |     ^^^^^

warning: missing documentation for a variant
   --> crates/duke-bytecode/src/instruction.rs:151:5
    |
151 |     DupX2,
    |     ^^^^^

warning: missing documentation for a variant
   --> crates/duke-bytecode/src/instruction.rs:152:5
    |
152 |     Dup2,
    |     ^^^^

warning: missing documentation for a variant
   --> crates/duke-bytecode/src/instruction.rs:153:5
    |
153 |     Dup2X1,
    |     ^^^^^^

warning: missing documentation for a variant
   --> crates/duke-bytecode/src/instruction.rs:154:5
    |
154 |     Dup2X2,
    |     ^^^^^^

warning: missing documentation for a variant
   --> crates/duke-bytecode/src/instruction.rs:155:5
    |
155 |     Swap,
    |     ^^^^

warning: missing documentation for a variant
   --> crates/duke-bytecode/src/instruction.rs:160:5
    |
160 |     Iadd,
    |     ^^^^

warning: missing documentation for a variant
   --> crates/duke-bytecode/src/instruction.rs:161:5
    |
161 |     Ladd,
    |     ^^^^

warning: missing documentation for a variant
   --> crates/duke-bytecode/src/instruction.rs:162:5
    |
162 |     Fadd,
    |     ^^^^

warning: missing documentation for a variant
   --> crates/duke-bytecode/src/instruction.rs:163:5
    |
163 |     Dadd,
    |     ^^^^

warning: missing documentation for a variant
   --> crates/duke-bytecode/src/instruction.rs:164:5
    |
164 |     Isub,
    |     ^^^^

warning: missing documentation for a variant
   --> crates/duke-bytecode/src/instruction.rs:165:5
    |
165 |     Lsub,
    |     ^^^^

warning: missing documentation for a variant
   --> crates/duke-bytecode/src/instruction.rs:166:5
    |
166 |     Fsub,
    |     ^^^^

warning: missing documentation for a variant
   --> crates/duke-bytecode/src/instruction.rs:167:5
    |
167 |     Dsub,
    |     ^^^^

warning: missing documentation for a variant
   --> crates/duke-bytecode/src/instruction.rs:168:5
    |
168 |     Imul,
    |     ^^^^

warning: missing documentation for a variant
   --> crates/duke-bytecode/src/instruction.rs:169:5
    |
169 |     Lmul,
    |     ^^^^

warning: missing documentation for a variant
   --> crates/duke-bytecode/src/instruction.rs:170:5
    |
170 |     Fmul,
    |     ^^^^

warning: missing documentation for a variant
   --> crates/duke-bytecode/src/instruction.rs:171:5
    |
171 |     Dmul,
    |     ^^^^

warning: missing documentation for a variant
   --> crates/duke-bytecode/src/instruction.rs:172:5
    |
172 |     Idiv,
    |     ^^^^

warning: missing documentation for a variant
   --> crates/duke-bytecode/src/instruction.rs:173:5
    |
173 |     Ldiv,
    |     ^^^^

warning: missing documentation for a variant
   --> crates/duke-bytecode/src/instruction.rs:174:5
    |
174 |     Fdiv,
    |     ^^^^

warning: missing documentation for a variant
   --> crates/duke-bytecode/src/instruction.rs:175:5
    |
175 |     Ddiv,
    |     ^^^^

warning: missing documentation for a variant
   --> crates/duke-bytecode/src/instruction.rs:176:5
    |
176 |     Irem,
    |     ^^^^

warning: missing documentation for a variant
   --> crates/duke-bytecode/src/instruction.rs:177:5
    |
177 |     Lrem,
    |     ^^^^

warning: missing documentation for a variant
   --> crates/duke-bytecode/src/instruction.rs:178:5
    |
178 |     Frem,
    |     ^^^^

warning: missing documentation for a variant
   --> crates/duke-bytecode/src/instruction.rs:179:5
    |
179 |     Drem,
    |     ^^^^

warning: missing documentation for a variant
   --> crates/duke-bytecode/src/instruction.rs:180:5
    |
180 |     Ineg,
    |     ^^^^

warning: missing documentation for a variant
   --> crates/duke-bytecode/src/instruction.rs:181:5
    |
181 |     Lneg,
    |     ^^^^

warning: missing documentation for a variant
   --> crates/duke-bytecode/src/instruction.rs:182:5
    |
182 |     Fneg,
    |     ^^^^

warning: missing documentation for a variant
   --> crates/duke-bytecode/src/instruction.rs:183:5
    |
183 |     Dneg,
    |     ^^^^

warning: missing documentation for a variant
   --> crates/duke-bytecode/src/instruction.rs:184:5
    |
184 |     Ishl,
    |     ^^^^

warning: missing documentation for a variant
   --> crates/duke-bytecode/src/instruction.rs:185:5
    |
185 |     Lshl,
    |     ^^^^

warning: missing documentation for a variant
   --> crates/duke-bytecode/src/instruction.rs:186:5
    |
186 |     Ishr,
    |     ^^^^

warning: missing documentation for a variant
   --> crates/duke-bytecode/src/instruction.rs:187:5
    |
187 |     Lshr,
    |     ^^^^

warning: missing documentation for a variant
   --> crates/duke-bytecode/src/instruction.rs:188:5
    |
188 |     Iushr,
    |     ^^^^^

warning: missing documentation for a variant
   --> crates/duke-bytecode/src/instruction.rs:189:5
    |
189 |     Lushr,
    |     ^^^^^

warning: missing documentation for a variant
   --> crates/duke-bytecode/src/instruction.rs:190:5
    |
190 |     Iand,
    |     ^^^^

warning: missing documentation for a variant
   --> crates/duke-bytecode/src/instruction.rs:191:5
    |
191 |     Land,
    |     ^^^^

warning: missing documentation for a variant
   --> crates/duke-bytecode/src/instruction.rs:192:5
    |
192 |     Ior,
    |     ^^^

warning: missing documentation for a variant
   --> crates/duke-bytecode/src/instruction.rs:193:5
    |
193 |     Lor,
    |     ^^^

warning: missing documentation for a variant
   --> crates/duke-bytecode/src/instruction.rs:194:5
    |
194 |     Ixor,
    |     ^^^^

warning: missing documentation for a variant
   --> crates/duke-bytecode/src/instruction.rs:195:5
    |
195 |     Lxor,
    |     ^^^^

warning: missing documentation for a struct field
   --> crates/duke-bytecode/src/instruction.rs:198:9
    |
198 |         index: u8,
    |         ^^^^^^^^^

warning: missing documentation for a struct field
   --> crates/duke-bytecode/src/instruction.rs:199:9
    |
199 |         value: i8,
    |         ^^^^^^^^^

warning: missing documentation for a variant
   --> crates/duke-bytecode/src/instruction.rs:205:5
    |
205 |     I2l,
    |     ^^^

warning: missing documentation for a variant
   --> crates/duke-bytecode/src/instruction.rs:206:5
    |
206 |     I2f,
    |     ^^^

warning: missing documentation for a variant
   --> crates/duke-bytecode/src/instruction.rs:207:5
    |
207 |     I2d,
    |     ^^^

warning: missing documentation for a variant
   --> crates/duke-bytecode/src/instruction.rs:208:5
    |
208 |     L2i,
    |     ^^^

warning: missing documentation for a variant
   --> crates/duke-bytecode/src/instruction.rs:209:5
    |
209 |     L2f,
    |     ^^^

warning: missing documentation for a variant
   --> crates/duke-bytecode/src/instruction.rs:210:5
    |
210 |     L2d,
    |     ^^^

warning: missing documentation for a variant
   --> crates/duke-bytecode/src/instruction.rs:211:5
    |
211 |     F2i,
    |     ^^^

warning: missing documentation for a variant
   --> crates/duke-bytecode/src/instruction.rs:212:5
    |
212 |     F2l,
    |     ^^^

warning: missing documentation for a variant
   --> crates/duke-bytecode/src/instruction.rs:213:5
    |
213 |     F2d,
    |     ^^^

warning: missing documentation for a variant
   --> crates/duke-bytecode/src/instruction.rs:214:5
    |
214 |     D2i,
    |     ^^^

warning: missing documentation for a variant
   --> crates/duke-bytecode/src/instruction.rs:215:5
    |
215 |     D2l,
    |     ^^^

warning: missing documentation for a variant
   --> crates/duke-bytecode/src/instruction.rs:216:5
    |
216 |     D2f,
    |     ^^^

warning: missing documentation for a variant
   --> crates/duke-bytecode/src/instruction.rs:217:5
    |
217 |     I2b,
    |     ^^^

warning: missing documentation for a variant
   --> crates/duke-bytecode/src/instruction.rs:218:5
    |
218 |     I2c,
    |     ^^^

warning: missing documentation for a variant
   --> crates/duke-bytecode/src/instruction.rs:219:5
    |
219 |     I2s,
    |     ^^^

warning: missing documentation for a variant
   --> crates/duke-bytecode/src/instruction.rs:224:5
    |
224 |     Lcmp,
    |     ^^^^

warning: missing documentation for a variant
   --> crates/duke-bytecode/src/instruction.rs:225:5
    |
225 |     Fcmpl,
    |     ^^^^^

warning: missing documentation for a variant
   --> crates/duke-bytecode/src/instruction.rs:226:5
    |
226 |     Fcmpg,
    |     ^^^^^

warning: missing documentation for a variant
   --> crates/duke-bytecode/src/instruction.rs:227:5
    |
227 |     Dcmpl,
    |     ^^^^^

warning: missing documentation for a variant
   --> crates/duke-bytecode/src/instruction.rs:228:5
    |
228 |     Dcmpg,
    |     ^^^^^

warning: missing documentation for a variant
   --> crates/duke-bytecode/src/instruction.rs:233:5
    |
233 |     Ifeq(i16),
    |     ^^^^

warning: missing documentation for a variant
   --> crates/duke-bytecode/src/instruction.rs:234:5
    |
234 |     Ifne(i16),
    |     ^^^^

warning: missing documentation for a variant
   --> crates/duke-bytecode/src/instruction.rs:235:5
    |
235 |     Iflt(i16),
    |     ^^^^

warning: missing documentation for a variant
   --> crates/duke-bytecode/src/instruction.rs:236:5
    |
236 |     Ifge(i16),
    |     ^^^^

warning: missing documentation for a variant
   --> crates/duke-bytecode/src/instruction.rs:237:5
    |
237 |     Ifgt(i16),
    |     ^^^^

warning: missing documentation for a variant
   --> crates/duke-bytecode/src/instruction.rs:238:5
    |
238 |     Ifle(i16),
    |     ^^^^

warning: missing documentation for a variant
   --> crates/duke-bytecode/src/instruction.rs:239:5
    |
239 |     IfIcmpeq(i16),
    |     ^^^^^^^^

warning: missing documentation for a variant
   --> crates/duke-bytecode/src/instruction.rs:240:5
    |
240 |     IfIcmpne(i16),
    |     ^^^^^^^^

warning: missing documentation for a variant
   --> crates/duke-bytecode/src/instruction.rs:241:5
    |
241 |     IfIcmplt(i16),
    |     ^^^^^^^^

warning: missing documentation for a variant
   --> crates/duke-bytecode/src/instruction.rs:242:5
    |
242 |     IfIcmpge(i16),
    |     ^^^^^^^^

warning: missing documentation for a variant
   --> crates/duke-bytecode/src/instruction.rs:243:5
    |
243 |     IfIcmpgt(i16),
    |     ^^^^^^^^

warning: missing documentation for a variant
   --> crates/duke-bytecode/src/instruction.rs:244:5
    |
244 |     IfIcmple(i16),
    |     ^^^^^^^^

warning: missing documentation for a variant
   --> crates/duke-bytecode/src/instruction.rs:245:5
    |
245 |     IfAcmpeq(i16),
    |     ^^^^^^^^

warning: missing documentation for a variant
   --> crates/duke-bytecode/src/instruction.rs:246:5
    |
246 |     IfAcmpne(i16),
    |     ^^^^^^^^

warning: missing documentation for a variant
   --> crates/duke-bytecode/src/instruction.rs:247:5
    |
247 |     Goto(i16),
    |     ^^^^

warning: missing documentation for a variant
   --> crates/duke-bytecode/src/instruction.rs:248:5
    |
248 |     Jsr(i16),
    |     ^^^

warning: missing documentation for a variant
   --> crates/duke-bytecode/src/instruction.rs:249:5
    |
249 |     Ret(u8),
    |     ^^^

warning: missing documentation for a variant
   --> crates/duke-bytecode/src/instruction.rs:250:5
    |
250 |     Tableswitch {
    |     ^^^^^^^^^^^

warning: missing documentation for a struct field
   --> crates/duke-bytecode/src/instruction.rs:251:9
    |
251 |         default: i32,
    |         ^^^^^^^^^^^^

warning: missing documentation for a struct field
   --> crates/duke-bytecode/src/instruction.rs:252:9
    |
252 |         low: i32,
    |         ^^^^^^^^

warning: missing documentation for a struct field
   --> crates/duke-bytecode/src/instruction.rs:253:9
    |
253 |         high: i32,
    |         ^^^^^^^^^

warning: missing documentation for a struct field
   --> crates/duke-bytecode/src/instruction.rs:254:9
    |
254 |         offsets: Vec<i32>,
    |         ^^^^^^^^^^^^^^^^^

warning: missing documentation for a variant
   --> crates/duke-bytecode/src/instruction.rs:256:5
    |
256 |     Lookupswitch {
    |     ^^^^^^^^^^^^

warning: missing documentation for a struct field
   --> crates/duke-bytecode/src/instruction.rs:257:9
    |
257 |         default: i32,
    |         ^^^^^^^^^^^^

warning: missing documentation for a struct field
   --> crates/duke-bytecode/src/instruction.rs:258:9
    |
258 |         pairs: Vec<(i32, i32)>, // (match_value, offset)
    |         ^^^^^^^^^^^^^^^^^^^^^^

warning: missing documentation for a variant
   --> crates/duke-bytecode/src/instruction.rs:264:5
    |
264 |     Ireturn,
    |     ^^^^^^^

warning: missing documentation for a variant
   --> crates/duke-bytecode/src/instruction.rs:265:5
    |
265 |     Lreturn,
    |     ^^^^^^^

warning: missing documentation for a variant
   --> crates/duke-bytecode/src/instruction.rs:266:5
    |
266 |     Freturn,
    |     ^^^^^^^

warning: missing documentation for a variant
   --> crates/duke-bytecode/src/instruction.rs:267:5
    |
267 |     Dreturn,
    |     ^^^^^^^

warning: missing documentation for a variant
   --> crates/duke-bytecode/src/instruction.rs:268:5
    |
268 |     Areturn,
    |     ^^^^^^^

warning: missing documentation for a variant
   --> crates/duke-bytecode/src/instruction.rs:269:5
    |
269 |     Return,
    |     ^^^^^^

warning: missing documentation for a variant
   --> crates/duke-bytecode/src/instruction.rs:274:5
    |
274 |     Getstatic(CpIndex),
    |     ^^^^^^^^^

warning: missing documentation for a variant
   --> crates/duke-bytecode/src/instruction.rs:275:5
    |
275 |     Putstatic(CpIndex),
    |     ^^^^^^^^^

warning: missing documentation for a variant
   --> crates/duke-bytecode/src/instruction.rs:276:5
    |
276 |     Getfield(CpIndex),
    |     ^^^^^^^^

warning: missing documentation for a variant
   --> crates/duke-bytecode/src/instruction.rs:277:5
    |
277 |     Putfield(CpIndex),
    |     ^^^^^^^^

warning: missing documentation for a variant
   --> crates/duke-bytecode/src/instruction.rs:282:5
    |
282 |     Invokevirtual(CpIndex),
    |     ^^^^^^^^^^^^^

warning: missing documentation for a variant
   --> crates/duke-bytecode/src/instruction.rs:283:5
    |
283 |     Invokespecial(CpIndex),
    |     ^^^^^^^^^^^^^

warning: missing documentation for a variant
   --> crates/duke-bytecode/src/instruction.rs:284:5
    |
284 |     Invokestatic(CpIndex),
    |     ^^^^^^^^^^^^

warning: missing documentation for a struct field
   --> crates/duke-bytecode/src/instruction.rs:287:9
    |
287 |         index: CpIndex,
    |         ^^^^^^^^^^^^^^

warning: missing documentation for a struct field
   --> crates/duke-bytecode/src/instruction.rs:288:9
    |
288 |         count: u8,
    |         ^^^^^^^^^

warning: missing documentation for a variant
   --> crates/duke-bytecode/src/instruction.rs:290:5
    |
290 |     Invokedynamic(CpIndex),
    |     ^^^^^^^^^^^^^

warning: missing documentation for a variant
   --> crates/duke-bytecode/src/instruction.rs:295:5
    |
295 |     New(CpIndex),
    |     ^^^

warning: missing documentation for a variant
   --> crates/duke-bytecode/src/instruction.rs:296:5
    |
296 |     Newarray(ArrayType),
    |     ^^^^^^^^

warning: missing documentation for a variant
   --> crates/duke-bytecode/src/instruction.rs:297:5
    |
297 |     Anewarray(CpIndex),
    |     ^^^^^^^^^

warning: missing documentation for a variant
   --> crates/duke-bytecode/src/instruction.rs:298:5
    |
298 |     Arraylength,
    |     ^^^^^^^^^^^

warning: missing documentation for a variant
   --> crates/duke-bytecode/src/instruction.rs:299:5
    |
299 |     Athrow,
    |     ^^^^^^

warning: missing documentation for a variant
   --> crates/duke-bytecode/src/instruction.rs:300:5
    |
300 |     Checkcast(CpIndex),
    |     ^^^^^^^^^

warning: missing documentation for a variant
   --> crates/duke-bytecode/src/instruction.rs:301:5
    |
301 |     Instanceof(CpIndex),
    |     ^^^^^^^^^^

warning: missing documentation for a variant
   --> crates/duke-bytecode/src/instruction.rs:302:5
    |
302 |     Monitorenter,
    |     ^^^^^^^^^^^^

warning: missing documentation for a variant
   --> crates/duke-bytecode/src/instruction.rs:303:5
    |
303 |     Monitorexit,
    |     ^^^^^^^^^^^

warning: missing documentation for a variant
   --> crates/duke-bytecode/src/instruction.rs:308:5
    |
308 |     Multianewarray {
    |     ^^^^^^^^^^^^^^

warning: missing documentation for a struct field
   --> crates/duke-bytecode/src/instruction.rs:309:9
    |
309 |         index: CpIndex,
    |         ^^^^^^^^^^^^^^

warning: missing documentation for a struct field
   --> crates/duke-bytecode/src/instruction.rs:310:9
    |
310 |         dimensions: u8,
    |         ^^^^^^^^^^^^^^

warning: missing documentation for a variant
   --> crates/duke-bytecode/src/instruction.rs:312:5
    |
312 |     Ifnull(i16),
    |     ^^^^^^

warning: missing documentation for a variant
   --> crates/duke-bytecode/src/instruction.rs:313:5
    |
313 |     Ifnonnull(i16),
    |     ^^^^^^^^^

warning: missing documentation for a variant
   --> crates/duke-bytecode/src/instruction.rs:314:5
    |
314 |     GotoW(i32),
    |     ^^^^^

warning: missing documentation for a variant
   --> crates/duke-bytecode/src/instruction.rs:315:5
    |
315 |     JsrW(i32),
    |     ^^^^

warning: missing documentation for a variant
   --> crates/duke-bytecode/src/instruction.rs:320:5
    |
320 |     IloadW(u16),
    |     ^^^^^^

warning: missing documentation for a variant
   --> crates/duke-bytecode/src/instruction.rs:321:5
    |
321 |     LloadW(u16),
    |     ^^^^^^

warning: missing documentation for a variant
   --> crates/duke-bytecode/src/instruction.rs:322:5
    |
322 |     FloadW(u16),
    |     ^^^^^^

warning: missing documentation for a variant
   --> crates/duke-bytecode/src/instruction.rs:323:5
    |
323 |     DloadW(u16),
    |     ^^^^^^

warning: missing documentation for a variant
   --> crates/duke-bytecode/src/instruction.rs:324:5
    |
324 |     AloadW(u16),
    |     ^^^^^^

warning: missing documentation for a variant
   --> crates/duke-bytecode/src/instruction.rs:325:5
    |
325 |     IstoreW(u16),
    |     ^^^^^^^

warning: missing documentation for a variant
   --> crates/duke-bytecode/src/instruction.rs:326:5
    |
326 |     LstoreW(u16),
    |     ^^^^^^^

warning: missing documentation for a variant
   --> crates/duke-bytecode/src/instruction.rs:327:5
    |
327 |     FstoreW(u16),
    |     ^^^^^^^

warning: missing documentation for a variant
   --> crates/duke-bytecode/src/instruction.rs:328:5
    |
328 |     DstoreW(u16),
    |     ^^^^^^^

warning: missing documentation for a variant
   --> crates/duke-bytecode/src/instruction.rs:329:5
    |
329 |     AstoreW(u16),
    |     ^^^^^^^

warning: missing documentation for a variant
   --> crates/duke-bytecode/src/instruction.rs:330:5
    |
330 |     RetW(u16),
    |     ^^^^

warning: missing documentation for a variant
   --> crates/duke-bytecode/src/instruction.rs:331:5
    |
331 |     IincW {
    |     ^^^^^

warning: missing documentation for a struct field
   --> crates/duke-bytecode/src/instruction.rs:332:9
    |
332 |         index: u16,
    |         ^^^^^^^^^^

warning: missing documentation for a struct field
   --> crates/duke-bytecode/src/instruction.rs:333:9
    |
333 |         value: i16,
    |         ^^^^^^^^^^

warning: missing documentation for a constant
  --> crates/duke-bytecode/src/opcodes.rs:14:1
   |
14 | pub const ICONST_0: u8 = 0x03;
   | ^^^^^^^^^^^^^^^^^^^^^^

warning: missing documentation for a constant
  --> crates/duke-bytecode/src/opcodes.rs:15:1
   |
15 | pub const ICONST_1: u8 = 0x04;
   | ^^^^^^^^^^^^^^^^^^^^^^

warning: missing documentation for a constant
  --> crates/duke-bytecode/src/opcodes.rs:16:1
   |
16 | pub const ICONST_2: u8 = 0x05;
   | ^^^^^^^^^^^^^^^^^^^^^^

warning: missing documentation for a constant
  --> crates/duke-bytecode/src/opcodes.rs:17:1
   |
17 | pub const ICONST_3: u8 = 0x06;
   | ^^^^^^^^^^^^^^^^^^^^^^

warning: missing documentation for a constant
  --> crates/duke-bytecode/src/opcodes.rs:18:1
   |
18 | pub const ICONST_4: u8 = 0x07;
   | ^^^^^^^^^^^^^^^^^^^^^^

warning: missing documentation for a constant
  --> crates/duke-bytecode/src/opcodes.rs:19:1
   |
19 | pub const ICONST_5: u8 = 0x08;
   | ^^^^^^^^^^^^^^^^^^^^^^

warning: missing documentation for a constant
  --> crates/duke-bytecode/src/opcodes.rs:23:1
   |
23 | pub const LCONST_1: u8 = 0x0A;
   | ^^^^^^^^^^^^^^^^^^^^^^

warning: missing documentation for a constant
  --> crates/duke-bytecode/src/opcodes.rs:27:1
   |
27 | pub const FCONST_1: u8 = 0x0C;
   | ^^^^^^^^^^^^^^^^^^^^^^

warning: missing documentation for a constant
  --> crates/duke-bytecode/src/opcodes.rs:28:1
   |
28 | pub const FCONST_2: u8 = 0x0D;
   | ^^^^^^^^^^^^^^^^^^^^^^

warning: missing documentation for a constant
  --> crates/duke-bytecode/src/opcodes.rs:32:1
   |
32 | pub const DCONST_1: u8 = 0x0F;
   | ^^^^^^^^^^^^^^^^^^^^^^

warning: missing documentation for a constant
  --> crates/duke-bytecode/src/opcodes.rs:36:1
   |
36 | pub const SIPUSH: u8 = 0x11;
   | ^^^^^^^^^^^^^^^^^^^^

warning: missing documentation for a constant
  --> crates/duke-bytecode/src/opcodes.rs:40:1
   |
40 | pub const LDC_W: u8 = 0x13;
   | ^^^^^^^^^^^^^^^^^^^

warning: missing documentation for a constant
  --> crates/duke-bytecode/src/opcodes.rs:41:1
   |
41 | pub const LDC2_W: u8 = 0x14;
   | ^^^^^^^^^^^^^^^^^^^^

warning: missing documentation for a constant
  --> crates/duke-bytecode/src/opcodes.rs:45:1
   |
45 | pub const LLOAD: u8 = 0x16;
   | ^^^^^^^^^^^^^^^^^^^

warning: missing documentation for a constant
  --> crates/duke-bytecode/src/opcodes.rs:46:1
   |
46 | pub const FLOAD: u8 = 0x17;
   | ^^^^^^^^^^^^^^^^^^^

warning: missing documentation for a constant
  --> crates/duke-bytecode/src/opcodes.rs:47:1
   |
47 | pub const DLOAD: u8 = 0x18;
   | ^^^^^^^^^^^^^^^^^^^

warning: missing documentation for a constant
  --> crates/duke-bytecode/src/opcodes.rs:48:1
   |
48 | pub const ALOAD: u8 = 0x19;
   | ^^^^^^^^^^^^^^^^^^^

warning: missing documentation for a constant
  --> crates/duke-bytecode/src/opcodes.rs:52:1
   |
52 | pub const ILOAD_1: u8 = 0x1B;
   | ^^^^^^^^^^^^^^^^^^^^^

warning: missing documentation for a constant
  --> crates/duke-bytecode/src/opcodes.rs:53:1
   |
53 | pub const ILOAD_2: u8 = 0x1C;
   | ^^^^^^^^^^^^^^^^^^^^^

warning: missing documentation for a constant
  --> crates/duke-bytecode/src/opcodes.rs:54:1
   |
54 | pub const ILOAD_3: u8 = 0x1D;
   | ^^^^^^^^^^^^^^^^^^^^^

warning: missing documentation for a constant
  --> crates/duke-bytecode/src/opcodes.rs:58:1
   |
58 | pub const LLOAD_1: u8 = 0x1F;
   | ^^^^^^^^^^^^^^^^^^^^^

warning: missing documentation for a constant
  --> crates/duke-bytecode/src/opcodes.rs:59:1
   |
59 | pub const LLOAD_2: u8 = 0x20;
   | ^^^^^^^^^^^^^^^^^^^^^

warning: missing documentation for a constant
  --> crates/duke-bytecode/src/opcodes.rs:60:1
   |
60 | pub const LLOAD_3: u8 = 0x21;
   | ^^^^^^^^^^^^^^^^^^^^^

warning: missing documentation for a constant
  --> crates/duke-bytecode/src/opcodes.rs:64:1
   |
64 | pub const FLOAD_1: u8 = 0x23;
   | ^^^^^^^^^^^^^^^^^^^^^

warning: missing documentation for a constant
  --> crates/duke-bytecode/src/opcodes.rs:65:1
   |
65 | pub const FLOAD_2: u8 = 0x24;
   | ^^^^^^^^^^^^^^^^^^^^^

warning: missing documentation for a constant
  --> crates/duke-bytecode/src/opcodes.rs:66:1
   |
66 | pub const FLOAD_3: u8 = 0x25;
   | ^^^^^^^^^^^^^^^^^^^^^

warning: missing documentation for a constant
  --> crates/duke-bytecode/src/opcodes.rs:70:1
   |
70 | pub const DLOAD_1: u8 = 0x27;
   | ^^^^^^^^^^^^^^^^^^^^^

warning: missing documentation for a constant
  --> crates/duke-bytecode/src/opcodes.rs:71:1
   |
71 | pub const DLOAD_2: u8 = 0x28;
   | ^^^^^^^^^^^^^^^^^^^^^

warning: missing documentation for a constant
  --> crates/duke-bytecode/src/opcodes.rs:72:1
   |
72 | pub const DLOAD_3: u8 = 0x29;
   | ^^^^^^^^^^^^^^^^^^^^^

warning: missing documentation for a constant
  --> crates/duke-bytecode/src/opcodes.rs:76:1
   |
76 | pub const ALOAD_1: u8 = 0x2B;
   | ^^^^^^^^^^^^^^^^^^^^^

warning: missing documentation for a constant
  --> crates/duke-bytecode/src/opcodes.rs:77:1
   |
77 | pub const ALOAD_2: u8 = 0x2C;
   | ^^^^^^^^^^^^^^^^^^^^^

warning: missing documentation for a constant
  --> crates/duke-bytecode/src/opcodes.rs:78:1
   |
78 | pub const ALOAD_3: u8 = 0x2D;
   | ^^^^^^^^^^^^^^^^^^^^^

warning: missing documentation for a constant
  --> crates/duke-bytecode/src/opcodes.rs:82:1
   |
82 | pub const LALOAD: u8 = 0x2F;
   | ^^^^^^^^^^^^^^^^^^^^

warning: missing documentation for a constant
  --> crates/duke-bytecode/src/opcodes.rs:83:1
   |
83 | pub const FALOAD: u8 = 0x30;
   | ^^^^^^^^^^^^^^^^^^^^

warning: missing documentation for a constant
  --> crates/duke-bytecode/src/opcodes.rs:84:1
   |
84 | pub const DALOAD: u8 = 0x31;
   | ^^^^^^^^^^^^^^^^^^^^

warning: missing documentation for a constant
  --> crates/duke-bytecode/src/opcodes.rs:85:1
   |
85 | pub const AALOAD: u8 = 0x32;
   | ^^^^^^^^^^^^^^^^^^^^

warning: missing documentation for a constant
  --> crates/duke-bytecode/src/opcodes.rs:86:1
   |
86 | pub const BALOAD: u8 = 0x33;
   | ^^^^^^^^^^^^^^^^^^^^

warning: missing documentation for a constant
  --> crates/duke-bytecode/src/opcodes.rs:87:1
   |
87 | pub const CALOAD: u8 = 0x34;
   | ^^^^^^^^^^^^^^^^^^^^

warning: missing documentation for a constant
  --> crates/duke-bytecode/src/opcodes.rs:88:1
   |
88 | pub const SALOAD: u8 = 0x35;
   | ^^^^^^^^^^^^^^^^^^^^

warning: missing documentation for a constant
  --> crates/duke-bytecode/src/opcodes.rs:92:1
   |
92 | pub const LSTORE: u8 = 0x37;
   | ^^^^^^^^^^^^^^^^^^^^

warning: missing documentation for a constant
  --> crates/duke-bytecode/src/opcodes.rs:93:1
   |
93 | pub const FSTORE: u8 = 0x38;
   | ^^^^^^^^^^^^^^^^^^^^

warning: missing documentation for a constant
  --> crates/duke-bytecode/src/opcodes.rs:94:1
   |
94 | pub const DSTORE: u8 = 0x39;
   | ^^^^^^^^^^^^^^^^^^^^

warning: missing documentation for a constant
  --> crates/duke-bytecode/src/opcodes.rs:95:1
   |
95 | pub const ASTORE: u8 = 0x3A;
   | ^^^^^^^^^^^^^^^^^^^^

warning: missing documentation for a constant
  --> crates/duke-bytecode/src/opcodes.rs:99:1
   |
99 | pub const ISTORE_1: u8 = 0x3C;
   | ^^^^^^^^^^^^^^^^^^^^^^

warning: missing documentation for a constant
   --> crates/duke-bytecode/src/opcodes.rs:100:1
    |
100 | pub const ISTORE_2: u8 = 0x3D;
    | ^^^^^^^^^^^^^^^^^^^^^^

warning: missing documentation for a constant
   --> crates/duke-bytecode/src/opcodes.rs:101:1
    |
101 | pub const ISTORE_3: u8 = 0x3E;
    | ^^^^^^^^^^^^^^^^^^^^^^

warning: missing documentation for a constant
   --> crates/duke-bytecode/src/opcodes.rs:105:1
    |
105 | pub const LSTORE_1: u8 = 0x40;
    | ^^^^^^^^^^^^^^^^^^^^^^

warning: missing documentation for a constant
   --> crates/duke-bytecode/src/opcodes.rs:106:1
    |
106 | pub const LSTORE_2: u8 = 0x41;
    | ^^^^^^^^^^^^^^^^^^^^^^

warning: missing documentation for a constant
   --> crates/duke-bytecode/src/opcodes.rs:107:1
    |
107 | pub const LSTORE_3: u8 = 0x42;
    | ^^^^^^^^^^^^^^^^^^^^^^

warning: missing documentation for a constant
   --> crates/duke-bytecode/src/opcodes.rs:111:1
    |
111 | pub const FSTORE_1: u8 = 0x44;
    | ^^^^^^^^^^^^^^^^^^^^^^

warning: missing documentation for a constant
   --> crates/duke-bytecode/src/opcodes.rs:112:1
    |
112 | pub const FSTORE_2: u8 = 0x45;
    | ^^^^^^^^^^^^^^^^^^^^^^

warning: missing documentation for a constant
   --> crates/duke-bytecode/src/opcodes.rs:113:1
    |
113 | pub const FSTORE_3: u8 = 0x46;
    | ^^^^^^^^^^^^^^^^^^^^^^

warning: missing documentation for a constant
   --> crates/duke-bytecode/src/opcodes.rs:117:1
    |
117 | pub const DSTORE_1: u8 = 0x48;
    | ^^^^^^^^^^^^^^^^^^^^^^

warning: missing documentation for a constant
   --> crates/duke-bytecode/src/opcodes.rs:118:1
    |
118 | pub const DSTORE_2: u8 = 0x49;
    | ^^^^^^^^^^^^^^^^^^^^^^

warning: missing documentation for a constant
   --> crates/duke-bytecode/src/opcodes.rs:119:1
    |
119 | pub const DSTORE_3: u8 = 0x4A;
    | ^^^^^^^^^^^^^^^^^^^^^^

warning: missing documentation for a constant
   --> crates/duke-bytecode/src/opcodes.rs:123:1
    |
123 | pub const ASTORE_1: u8 = 0x4C;
    | ^^^^^^^^^^^^^^^^^^^^^^

warning: missing documentation for a constant
   --> crates/duke-bytecode/src/opcodes.rs:124:1
    |
124 | pub const ASTORE_2: u8 = 0x4D;
    | ^^^^^^^^^^^^^^^^^^^^^^

warning: missing documentation for a constant
   --> crates/duke-bytecode/src/opcodes.rs:125:1
    |
125 | pub const ASTORE_3: u8 = 0x4E;
    | ^^^^^^^^^^^^^^^^^^^^^^

warning: missing documentation for a constant
   --> crates/duke-bytecode/src/opcodes.rs:129:1
    |
129 | pub const LASTORE: u8 = 0x50;
    | ^^^^^^^^^^^^^^^^^^^^^

warning: missing documentation for a constant
   --> crates/duke-bytecode/src/opcodes.rs:130:1
    |
130 | pub const FASTORE: u8 = 0x51;
    | ^^^^^^^^^^^^^^^^^^^^^

warning: missing documentation for a constant
   --> crates/duke-bytecode/src/opcodes.rs:131:1
    |
131 | pub const DASTORE: u8 = 0x52;
    | ^^^^^^^^^^^^^^^^^^^^^

warning: missing documentation for a constant
   --> crates/duke-bytecode/src/opcodes.rs:132:1
    |
132 | pub const AASTORE: u8 = 0x53;
    | ^^^^^^^^^^^^^^^^^^^^^

warning: missing documentation for a constant
   --> crates/duke-bytecode/src/opcodes.rs:133:1
    |
133 | pub const BASTORE: u8 = 0x54;
    | ^^^^^^^^^^^^^^^^^^^^^

warning: missing documentation for a constant
   --> crates/duke-bytecode/src/opcodes.rs:134:1
    |
134 | pub const CASTORE: u8 = 0x55;
    | ^^^^^^^^^^^^^^^^^^^^^

warning: missing documentation for a constant
   --> crates/duke-bytecode/src/opcodes.rs:135:1
    |
135 | pub const SASTORE: u8 = 0x56;
    | ^^^^^^^^^^^^^^^^^^^^^

warning: missing documentation for a constant
   --> crates/duke-bytecode/src/opcodes.rs:139:1
    |
139 | pub const POP2: u8 = 0x58;
    | ^^^^^^^^^^^^^^^^^^

warning: missing documentation for a constant
   --> crates/duke-bytecode/src/opcodes.rs:140:1
    |
140 | pub const DUP: u8 = 0x59;
    | ^^^^^^^^^^^^^^^^^

warning: missing documentation for a constant
   --> crates/duke-bytecode/src/opcodes.rs:141:1
    |
141 | pub const DUP_X1: u8 = 0x5A;
    | ^^^^^^^^^^^^^^^^^^^^

warning: missing documentation for a constant
   --> crates/duke-bytecode/src/opcodes.rs:142:1
    |
142 | pub const DUP_X2: u8 = 0x5B;
    | ^^^^^^^^^^^^^^^^^^^^

warning: missing documentation for a constant
   --> crates/duke-bytecode/src/opcodes.rs:143:1
    |
143 | pub const DUP2: u8 = 0x5C;
    | ^^^^^^^^^^^^^^^^^^

warning: missing documentation for a constant
   --> crates/duke-bytecode/src/opcodes.rs:144:1
    |
144 | pub const DUP2_X1: u8 = 0x5D;
    | ^^^^^^^^^^^^^^^^^^^^^

warning: missing documentation for a constant
   --> crates/duke-bytecode/src/opcodes.rs:145:1
    |
145 | pub const DUP2_X2: u8 = 0x5E;
    | ^^^^^^^^^^^^^^^^^^^^^

warning: missing documentation for a constant
   --> crates/duke-bytecode/src/opcodes.rs:146:1
    |
146 | pub const SWAP: u8 = 0x5F;
    | ^^^^^^^^^^^^^^^^^^

warning: missing documentation for a constant
   --> crates/duke-bytecode/src/opcodes.rs:150:1
    |
150 | pub const LADD: u8 = 0x61;
    | ^^^^^^^^^^^^^^^^^^

warning: missing documentation for a constant
   --> crates/duke-bytecode/src/opcodes.rs:151:1
    |
151 | pub const FADD: u8 = 0x62;
    | ^^^^^^^^^^^^^^^^^^

warning: missing documentation for a constant
   --> crates/duke-bytecode/src/opcodes.rs:152:1
    |
152 | pub const DADD: u8 = 0x63;
    | ^^^^^^^^^^^^^^^^^^

warning: missing documentation for a constant
   --> crates/duke-bytecode/src/opcodes.rs:153:1
    |
153 | pub const ISUB: u8 = 0x64;
    | ^^^^^^^^^^^^^^^^^^

warning: missing documentation for a constant
   --> crates/duke-bytecode/src/opcodes.rs:154:1
    |
154 | pub const LSUB: u8 = 0x65;
    | ^^^^^^^^^^^^^^^^^^

warning: missing documentation for a constant
   --> crates/duke-bytecode/src/opcodes.rs:155:1
    |
155 | pub const FSUB: u8 = 0x66;
    | ^^^^^^^^^^^^^^^^^^

warning: missing documentation for a constant
   --> crates/duke-bytecode/src/opcodes.rs:156:1
    |
156 | pub const DSUB: u8 = 0x67;
    | ^^^^^^^^^^^^^^^^^^

warning: missing documentation for a constant
   --> crates/duke-bytecode/src/opcodes.rs:157:1
    |
157 | pub const IMUL: u8 = 0x68;
    | ^^^^^^^^^^^^^^^^^^

warning: missing documentation for a constant
   --> crates/duke-bytecode/src/opcodes.rs:158:1
    |
158 | pub const LMUL: u8 = 0x69;
    | ^^^^^^^^^^^^^^^^^^

warning: missing documentation for a constant
   --> crates/duke-bytecode/src/opcodes.rs:159:1
    |
159 | pub const FMUL: u8 = 0x6A;
    | ^^^^^^^^^^^^^^^^^^

warning: missing documentation for a constant
   --> crates/duke-bytecode/src/opcodes.rs:160:1
    |
160 | pub const DMUL: u8 = 0x6B;
    | ^^^^^^^^^^^^^^^^^^

warning: missing documentation for a constant
   --> crates/duke-bytecode/src/opcodes.rs:161:1
    |
161 | pub const IDIV: u8 = 0x6C;
    | ^^^^^^^^^^^^^^^^^^

warning: missing documentation for a constant
   --> crates/duke-bytecode/src/opcodes.rs:162:1
    |
162 | pub const LDIV: u8 = 0x6D;
    | ^^^^^^^^^^^^^^^^^^

warning: missing documentation for a constant
   --> crates/duke-bytecode/src/opcodes.rs:163:1
    |
163 | pub const FDIV: u8 = 0x6E;
    | ^^^^^^^^^^^^^^^^^^

warning: missing documentation for a constant
   --> crates/duke-bytecode/src/opcodes.rs:164:1
    |
164 | pub const DDIV: u8 = 0x6F;
    | ^^^^^^^^^^^^^^^^^^

warning: missing documentation for a constant
   --> crates/duke-bytecode/src/opcodes.rs:165:1
    |
165 | pub const IREM: u8 = 0x70;
    | ^^^^^^^^^^^^^^^^^^

warning: missing documentation for a constant
   --> crates/duke-bytecode/src/opcodes.rs:166:1
    |
166 | pub const LREM: u8 = 0x71;
    | ^^^^^^^^^^^^^^^^^^

warning: missing documentation for a constant
   --> crates/duke-bytecode/src/opcodes.rs:167:1
    |
167 | pub const FREM: u8 = 0x72;
    | ^^^^^^^^^^^^^^^^^^

warning: missing documentation for a constant
   --> crates/duke-bytecode/src/opcodes.rs:168:1
    |
168 | pub const DREM: u8 = 0x73;
    | ^^^^^^^^^^^^^^^^^^

warning: missing documentation for a constant
   --> crates/duke-bytecode/src/opcodes.rs:169:1
    |
169 | pub const INEG: u8 = 0x74;
    | ^^^^^^^^^^^^^^^^^^

warning: missing documentation for a constant
   --> crates/duke-bytecode/src/opcodes.rs:170:1
    |
170 | pub const LNEG: u8 = 0x75;
    | ^^^^^^^^^^^^^^^^^^

warning: missing documentation for a constant
   --> crates/duke-bytecode/src/opcodes.rs:171:1
    |
171 | pub const FNEG: u8 = 0x76;
    | ^^^^^^^^^^^^^^^^^^

warning: missing documentation for a constant
   --> crates/duke-bytecode/src/opcodes.rs:172:1
    |
172 | pub const DNEG: u8 = 0x77;
    | ^^^^^^^^^^^^^^^^^^

warning: missing documentation for a constant
   --> crates/duke-bytecode/src/opcodes.rs:173:1
    |
173 | pub const ISHL: u8 = 0x78;
    | ^^^^^^^^^^^^^^^^^^

warning: missing documentation for a constant
   --> crates/duke-bytecode/src/opcodes.rs:174:1
    |
174 | pub const LSHL: u8 = 0x79;
    | ^^^^^^^^^^^^^^^^^^

warning: missing documentation for a constant
   --> crates/duke-bytecode/src/opcodes.rs:175:1
    |
175 | pub const ISHR: u8 = 0x7A;
    | ^^^^^^^^^^^^^^^^^^

warning: missing documentation for a constant
   --> crates/duke-bytecode/src/opcodes.rs:176:1
    |
176 | pub const LSHR: u8 = 0x7B;
    | ^^^^^^^^^^^^^^^^^^

warning: missing documentation for a constant
   --> crates/duke-bytecode/src/opcodes.rs:177:1
    |
177 | pub const IUSHR: u8 = 0x7C;
    | ^^^^^^^^^^^^^^^^^^^

warning: missing documentation for a constant
   --> crates/duke-bytecode/src/opcodes.rs:178:1
    |
178 | pub const LUSHR: u8 = 0x7D;
    | ^^^^^^^^^^^^^^^^^^^

warning: missing documentation for a constant
   --> crates/duke-bytecode/src/opcodes.rs:179:1
    |
179 | pub const IAND: u8 = 0x7E;
    | ^^^^^^^^^^^^^^^^^^

warning: missing documentation for a constant
   --> crates/duke-bytecode/src/opcodes.rs:180:1
    |
180 | pub const LAND: u8 = 0x7F;
    | ^^^^^^^^^^^^^^^^^^

warning: missing documentation for a constant
   --> crates/duke-bytecode/src/opcodes.rs:181:1
    |
181 | pub const IOR: u8 = 0x80;
    | ^^^^^^^^^^^^^^^^^

warning: missing documentation for a constant
   --> crates/duke-bytecode/src/opcodes.rs:182:1
    |
182 | pub const LOR: u8 = 0x81;
    | ^^^^^^^^^^^^^^^^^

warning: missing documentation for a constant
   --> crates/duke-bytecode/src/opcodes.rs:183:1
    |
183 | pub const IXOR: u8 = 0x82;
    | ^^^^^^^^^^^^^^^^^^

warning: missing documentation for a constant
   --> crates/duke-bytecode/src/opcodes.rs:184:1
    |
184 | pub const LXOR: u8 = 0x83;
    | ^^^^^^^^^^^^^^^^^^

warning: missing documentation for a constant
   --> crates/duke-bytecode/src/opcodes.rs:191:1
    |
191 | pub const I2F: u8 = 0x86;
    | ^^^^^^^^^^^^^^^^^

warning: missing documentation for a constant
   --> crates/duke-bytecode/src/opcodes.rs:192:1
    |
192 | pub const I2D: u8 = 0x87;
    | ^^^^^^^^^^^^^^^^^

warning: missing documentation for a constant
   --> crates/duke-bytecode/src/opcodes.rs:193:1
    |
193 | pub const L2I: u8 = 0x88;
    | ^^^^^^^^^^^^^^^^^

warning: missing documentation for a constant
   --> crates/duke-bytecode/src/opcodes.rs:194:1
    |
194 | pub const L2F: u8 = 0x89;
    | ^^^^^^^^^^^^^^^^^

warning: missing documentation for a constant
   --> crates/duke-bytecode/src/opcodes.rs:195:1
    |
195 | pub const L2D: u8 = 0x8A;
    | ^^^^^^^^^^^^^^^^^

warning: missing documentation for a constant
   --> crates/duke-bytecode/src/opcodes.rs:196:1
    |
196 | pub const F2I: u8 = 0x8B;
    | ^^^^^^^^^^^^^^^^^

warning: missing documentation for a constant
   --> crates/duke-bytecode/src/opcodes.rs:197:1
    |
197 | pub const F2L: u8 = 0x8C;
    | ^^^^^^^^^^^^^^^^^

warning: missing documentation for a constant
   --> crates/duke-bytecode/src/opcodes.rs:198:1
    |
198 | pub const F2D: u8 = 0x8D;
    | ^^^^^^^^^^^^^^^^^

warning: missing documentation for a constant
   --> crates/duke-bytecode/src/opcodes.rs:199:1
    |
199 | pub const D2I: u8 = 0x8E;
    | ^^^^^^^^^^^^^^^^^

warning: missing documentation for a constant
   --> crates/duke-bytecode/src/opcodes.rs:200:1
    |
200 | pub const D2L: u8 = 0x8F;
    | ^^^^^^^^^^^^^^^^^

warning: missing documentation for a constant
   --> crates/duke-bytecode/src/opcodes.rs:201:1
    |
201 | pub const D2F: u8 = 0x90;
    | ^^^^^^^^^^^^^^^^^

warning: missing documentation for a constant
   --> crates/duke-bytecode/src/opcodes.rs:202:1
    |
202 | pub const I2B: u8 = 0x91;
    | ^^^^^^^^^^^^^^^^^

warning: missing documentation for a constant
   --> crates/duke-bytecode/src/opcodes.rs:203:1
    |
203 | pub const I2C: u8 = 0x92;
    | ^^^^^^^^^^^^^^^^^

warning: missing documentation for a constant
   --> crates/duke-bytecode/src/opcodes.rs:204:1
    |
204 | pub const I2S: u8 = 0x93;
    | ^^^^^^^^^^^^^^^^^

warning: missing documentation for a constant
   --> crates/duke-bytecode/src/opcodes.rs:208:1
    |
208 | pub const FCMPL: u8 = 0x95;
    | ^^^^^^^^^^^^^^^^^^^

warning: missing documentation for a constant
   --> crates/duke-bytecode/src/opcodes.rs:209:1
    |
209 | pub const FCMPG: u8 = 0x96;
    | ^^^^^^^^^^^^^^^^^^^

warning: missing documentation for a constant
   --> crates/duke-bytecode/src/opcodes.rs:210:1
    |
210 | pub const DCMPL: u8 = 0x97;
    | ^^^^^^^^^^^^^^^^^^^

warning: missing documentation for a constant
   --> crates/duke-bytecode/src/opcodes.rs:211:1
    |
211 | pub const DCMPG: u8 = 0x98;
    | ^^^^^^^^^^^^^^^^^^^

warning: missing documentation for a constant
   --> crates/duke-bytecode/src/opcodes.rs:215:1
    |
215 | pub const IFNE: u8 = 0x9A;
    | ^^^^^^^^^^^^^^^^^^

warning: missing documentation for a constant
   --> crates/duke-bytecode/src/opcodes.rs:216:1
    |
216 | pub const IFLT: u8 = 0x9B;
    | ^^^^^^^^^^^^^^^^^^

warning: missing documentation for a constant
   --> crates/duke-bytecode/src/opcodes.rs:217:1
    |
217 | pub const IFGE: u8 = 0x9C;
    | ^^^^^^^^^^^^^^^^^^

warning: missing documentation for a constant
   --> crates/duke-bytecode/src/opcodes.rs:218:1
    |
218 | pub const IFGT: u8 = 0x9D;
    | ^^^^^^^^^^^^^^^^^^

warning: missing documentation for a constant
   --> crates/duke-bytecode/src/opcodes.rs:219:1
    |
219 | pub const IFLE: u8 = 0x9E;
    | ^^^^^^^^^^^^^^^^^^

warning: missing documentation for a constant
   --> crates/duke-bytecode/src/opcodes.rs:220:1
    |
220 | pub const IF_ICMPEQ: u8 = 0x9F;
    | ^^^^^^^^^^^^^^^^^^^^^^^

warning: missing documentation for a constant
   --> crates/duke-bytecode/src/opcodes.rs:221:1
    |
221 | pub const IF_ICMPNE: u8 = 0xA0;
    | ^^^^^^^^^^^^^^^^^^^^^^^

warning: missing documentation for a constant
   --> crates/duke-bytecode/src/opcodes.rs:222:1
    |
222 | pub const IF_ICMPLT: u8 = 0xA1;
    | ^^^^^^^^^^^^^^^^^^^^^^^

warning: missing documentation for a constant
   --> crates/duke-bytecode/src/opcodes.rs:223:1
    |
223 | pub const IF_ICMPGE: u8 = 0xA2;
    | ^^^^^^^^^^^^^^^^^^^^^^^

warning: missing documentation for a constant
   --> crates/duke-bytecode/src/opcodes.rs:224:1
    |
224 | pub const IF_ICMPGT: u8 = 0xA3;
    | ^^^^^^^^^^^^^^^^^^^^^^^

warning: missing documentation for a constant
   --> crates/duke-bytecode/src/opcodes.rs:225:1
    |
225 | pub const IF_ICMPLE: u8 = 0xA4;
    | ^^^^^^^^^^^^^^^^^^^^^^^

warning: missing documentation for a constant
   --> crates/duke-bytecode/src/opcodes.rs:226:1
    |
226 | pub const IF_ACMPEQ: u8 = 0xA5;
    | ^^^^^^^^^^^^^^^^^^^^^^^

warning: missing documentation for a constant
   --> crates/duke-bytecode/src/opcodes.rs:227:1
    |
227 | pub const IF_ACMPNE: u8 = 0xA6;
    | ^^^^^^^^^^^^^^^^^^^^^^^

warning: missing documentation for a constant
   --> crates/duke-bytecode/src/opcodes.rs:231:1
    |
231 | pub const JSR: u8 = 0xA8;
    | ^^^^^^^^^^^^^^^^^

warning: missing documentation for a constant
   --> crates/duke-bytecode/src/opcodes.rs:232:1
    |
232 | pub const RET: u8 = 0xA9;
    | ^^^^^^^^^^^^^^^^^

warning: missing documentation for a constant
   --> crates/duke-bytecode/src/opcodes.rs:236:1
    |
236 | pub const LOOKUPSWITCH: u8 = 0xAB;
    | ^^^^^^^^^^^^^^^^^^^^^^^^^^

warning: missing documentation for a constant
   --> crates/duke-bytecode/src/opcodes.rs:240:1
    |
240 | pub const LRETURN: u8 = 0xAD;
    | ^^^^^^^^^^^^^^^^^^^^^

warning: missing documentation for a constant
   --> crates/duke-bytecode/src/opcodes.rs:241:1
    |
241 | pub const FRETURN: u8 = 0xAE;
    | ^^^^^^^^^^^^^^^^^^^^^

warning: missing documentation for a constant
   --> crates/duke-bytecode/src/opcodes.rs:242:1
    |
242 | pub const DRETURN: u8 = 0xAF;
    | ^^^^^^^^^^^^^^^^^^^^^

warning: missing documentation for a constant
   --> crates/duke-bytecode/src/opcodes.rs:243:1
    |
243 | pub const ARETURN: u8 = 0xB0;
    | ^^^^^^^^^^^^^^^^^^^^^

warning: missing documentation for a constant
   --> crates/duke-bytecode/src/opcodes.rs:244:1
    |
244 | pub const RETURN: u8 = 0xB1;
    | ^^^^^^^^^^^^^^^^^^^^

warning: missing documentation for a constant
   --> crates/duke-bytecode/src/opcodes.rs:248:1
    |
248 | pub const PUTSTATIC: u8 = 0xB3;
    | ^^^^^^^^^^^^^^^^^^^^^^^

warning: missing documentation for a constant
   --> crates/duke-bytecode/src/opcodes.rs:249:1
    |
249 | pub const GETFIELD: u8 = 0xB4;
    | ^^^^^^^^^^^^^^^^^^^^^^

warning: missing documentation for a constant
   --> crates/duke-bytecode/src/opcodes.rs:250:1
    |
250 | pub const PUTFIELD: u8 = 0xB5;
    | ^^^^^^^^^^^^^^^^^^^^^^

warning: missing documentation for a constant
   --> crates/duke-bytecode/src/opcodes.rs:254:1
    |
254 | pub const INVOKESPECIAL: u8 = 0xB7;
    | ^^^^^^^^^^^^^^^^^^^^^^^^^^^

warning: missing documentation for a constant
   --> crates/duke-bytecode/src/opcodes.rs:255:1
    |
255 | pub const INVOKESTATIC: u8 = 0xB8;
    | ^^^^^^^^^^^^^^^^^^^^^^^^^^

warning: missing documentation for a constant
   --> crates/duke-bytecode/src/opcodes.rs:256:1
    |
256 | pub const INVOKEINTERFACE: u8 = 0xB9;
    | ^^^^^^^^^^^^^^^^^^^^^^^^^^^^^

warning: missing documentation for a constant
   --> crates/duke-bytecode/src/opcodes.rs:257:1
    |
257 | pub const INVOKEDYNAMIC: u8 = 0xBA;
    | ^^^^^^^^^^^^^^^^^^^^^^^^^^^

warning: missing documentation for a constant
   --> crates/duke-bytecode/src/opcodes.rs:261:1
    |
261 | pub const NEWARRAY: u8 = 0xBC;
    | ^^^^^^^^^^^^^^^^^^^^^^

warning: missing documentation for a constant
   --> crates/duke-bytecode/src/opcodes.rs:262:1
    |
262 | pub const ANEWARRAY: u8 = 0xBD;
    | ^^^^^^^^^^^^^^^^^^^^^^^

warning: missing documentation for a constant
   --> crates/duke-bytecode/src/opcodes.rs:263:1
    |
263 | pub const ARRAYLENGTH: u8 = 0xBE;
    | ^^^^^^^^^^^^^^^^^^^^^^^^^

warning: missing documentation for a constant
   --> crates/duke-bytecode/src/opcodes.rs:264:1
    |
264 | pub const ATHROW: u8 = 0xBF;
    | ^^^^^^^^^^^^^^^^^^^^

warning: missing documentation for a constant
   --> crates/duke-bytecode/src/opcodes.rs:265:1
    |
265 | pub const CHECKCAST: u8 = 0xC0;
    | ^^^^^^^^^^^^^^^^^^^^^^^

warning: missing documentation for a constant
   --> crates/duke-bytecode/src/opcodes.rs:266:1
    |
266 | pub const INSTANCEOF: u8 = 0xC1;
    | ^^^^^^^^^^^^^^^^^^^^^^^^

warning: missing documentation for a constant
   --> crates/duke-bytecode/src/opcodes.rs:267:1
    |
267 | pub const MONITORENTER: u8 = 0xC2;
    | ^^^^^^^^^^^^^^^^^^^^^^^^^^

warning: missing documentation for a constant
   --> crates/duke-bytecode/src/opcodes.rs:268:1
    |
268 | pub const MONITOREXIT: u8 = 0xC3;
    | ^^^^^^^^^^^^^^^^^^^^^^^^^

warning: missing documentation for a constant
   --> crates/duke-bytecode/src/opcodes.rs:272:1
    |
272 | pub const MULTIANEWARRAY: u8 = 0xC5;
    | ^^^^^^^^^^^^^^^^^^^^^^^^^^^^

warning: missing documentation for a constant
   --> crates/duke-bytecode/src/opcodes.rs:273:1
    |
273 | pub const IFNULL: u8 = 0xC6;
    | ^^^^^^^^^^^^^^^^^^^^

warning: missing documentation for a constant
   --> crates/duke-bytecode/src/opcodes.rs:274:1
    |
274 | pub const IFNONNULL: u8 = 0xC7;
    | ^^^^^^^^^^^^^^^^^^^^^^^

warning: missing documentation for a constant
   --> crates/duke-bytecode/src/opcodes.rs:275:1
    |
275 | pub const GOTO_W: u8 = 0xC8;
    | ^^^^^^^^^^^^^^^^^^^^

warning: missing documentation for a constant
   --> crates/duke-bytecode/src/opcodes.rs:276:1
    |
276 | pub const JSR_W: u8 = 0xC9;
    | ^^^^^^^^^^^^^^^^^^^

warning: missing documentation for a constant
   --> crates/duke-bytecode/src/opcodes.rs:280:1
    |
280 | pub const IMPDEP1: u8 = 0xFE;
    | ^^^^^^^^^^^^^^^^^^^^^

warning: missing documentation for a constant
   --> crates/duke-bytecode/src/opcodes.rs:281:1
    |
281 | pub const IMPDEP2: u8 = 0xFF;
    | ^^^^^^^^^^^^^^^^^^^^^

warning: missing documentation for a constant
   --> crates/duke-bytecode/src/opcodes.rs:285:1
    |
285 | pub const T_CHAR: u8 = 5;
    | ^^^^^^^^^^^^^^^^^^^^

warning: missing documentation for a constant
   --> crates/duke-bytecode/src/opcodes.rs:286:1
    |
286 | pub const T_FLOAT: u8 = 6;
    | ^^^^^^^^^^^^^^^^^^^^^

warning: missing documentation for a constant
   --> crates/duke-bytecode/src/opcodes.rs:287:1
    |
287 | pub const T_DOUBLE: u8 = 7;
    | ^^^^^^^^^^^^^^^^^^^^^^

warning: missing documentation for a constant
   --> crates/duke-bytecode/src/opcodes.rs:288:1
    |
288 | pub const T_BYTE: u8 = 8;
    | ^^^^^^^^^^^^^^^^^^^^

warning: missing documentation for a constant
   --> crates/duke-bytecode/src/opcodes.rs:289:1
    |
289 | pub const T_SHORT: u8 = 9;
    | ^^^^^^^^^^^^^^^^^^^^^

warning: missing documentation for a constant
   --> crates/duke-bytecode/src/opcodes.rs:290:1
    |
290 | pub const T_INT: u8 = 10;
    | ^^^^^^^^^^^^^^^^^^^

warning: missing documentation for a constant
   --> crates/duke-bytecode/src/opcodes.rs:291:1
    |
291 | pub const T_LONG: u8 = 11;
    | ^^^^^^^^^^^^^^^^^^^^

warning: `duke-gc` (lib) generated 6 warnings
warning: `duke-bytecode` (lib) generated 454 warnings
warning: missing documentation for a variant
  --> crates/duke-interpreter/src/registry.rs:38:5
   |
38 |     Start { thread_ref: u64 },
   |     ^^^^^
   |
   = note: requested on the command line with `-W missing-docs`

warning: missing documentation for a struct field
  --> crates/duke-interpreter/src/registry.rs:38:13
   |
38 |     Start { thread_ref: u64 },
   |             ^^^^^^^^^^^^^^^

warning: missing documentation for a variant
  --> crates/duke-interpreter/src/registry.rs:39:5
   |
39 |     Sleep(std::time::Duration),
   |     ^^^^^

warning: missing documentation for a variant
  --> crates/duke-interpreter/src/registry.rs:40:5
   |
40 |     Join { thread_id: i32 },
   |     ^^^^

warning: missing documentation for a struct field
  --> crates/duke-interpreter/src/registry.rs:40:12
   |
40 |     Join { thread_id: i32 },
   |            ^^^^^^^^^^^^^^

warning: missing documentation for a struct field
  --> crates/duke-interpreter/src/registry.rs:64:5
   |
64 |     pub name: String,
   |     ^^^^^^^^^^^^^^^^

warning: missing documentation for a struct field
  --> crates/duke-interpreter/src/registry.rs:65:5
   |
65 |     pub descriptor: String,
   |     ^^^^^^^^^^^^^^^^^^^^^^

warning: missing documentation for a struct field
  --> crates/duke-interpreter/src/registry.rs:66:5
   |
66 |     pub is_public: bool,
   |     ^^^^^^^^^^^^^^^^^^^

warning: missing documentation for a struct field
  --> crates/duke-interpreter/src/registry.rs:67:5
   |
67 |     pub is_static: bool,
   |     ^^^^^^^^^^^^^^^^^^^

warning: missing documentation for a struct field
  --> crates/duke-interpreter/src/registry.rs:73:5
   |
73 |     pub name: String,
   |     ^^^^^^^^^^^^^^^^

warning: missing documentation for a struct field
  --> crates/duke-interpreter/src/registry.rs:74:5
   |
74 |     pub descriptor: String,
   |     ^^^^^^^^^^^^^^^^^^^^^^

warning: missing documentation for a struct field
  --> crates/duke-interpreter/src/registry.rs:75:5
   |
75 |     pub is_public: bool,
   |     ^^^^^^^^^^^^^^^^^^^

warning: missing documentation for a struct field
  --> crates/duke-interpreter/src/registry.rs:76:5
   |
76 |     pub is_static: bool,
   |     ^^^^^^^^^^^^^^^^^^^

warning: missing documentation for a struct field
  --> crates/duke-interpreter/src/registry.rs:82:5
   |
82 |     pub internal_name: String,
   |     ^^^^^^^^^^^^^^^^^^^^^^^^^

warning: missing documentation for a struct field
  --> crates/duke-interpreter/src/registry.rs:83:5
   |
83 |     pub binary_name: String,
   |     ^^^^^^^^^^^^^^^^^^^^^^^

warning: missing documentation for a struct field
  --> crates/duke-interpreter/src/registry.rs:84:5
   |
84 |     pub super_class: Option<String>,
   |     ^^^^^^^^^^^^^^^^^^^^^^^^^^^^^^^

warning: missing documentation for a struct field
  --> crates/duke-interpreter/src/registry.rs:85:5
   |
85 |     pub interfaces: Vec<String>,
   |     ^^^^^^^^^^^^^^^^^^^^^^^^^^^

warning: missing documentation for a struct field
  --> crates/duke-interpreter/src/registry.rs:86:5
   |
86 |     pub methods: Vec<ReflectedMethodInfo>,
   |     ^^^^^^^^^^^^^^^^^^^^^^^^^^^^^^^^^^^^^

warning: missing documentation for a struct field
  --> crates/duke-interpreter/src/registry.rs:87:5
   |
87 |     pub fields: Vec<ReflectedFieldInfo>,
   |     ^^^^^^^^^^^^^^^^^^^^^^^^^^^^^^^^^^^

warning: missing documentation for a struct field
   --> crates/duke-interpreter/src/registry.rs:108:5
    |
108 |     pub telemetry: duke_telemetry::TelemetryStore,
    |     ^^^^^^^^^^^^^^^^^^^^^^^^^^^^^^^^^^^^^^^^^^^^^

warning: `duke-interpreter` (lib) generated 20 warnings
warning: `duke-classfile` (lib test) generated 2 warnings (2 duplicates)
warning: missing documentation for the crate
   --> crates/duke-interpreter/benches/interpreter.rs:1:1
    |
  1 | / use criterion::{BatchSize, Criterion, black_box, criterion_group, cri...
  2 | | use duke_interpreter::{ClassRegistry, bootstrap_stdlib, build_class_c...
  3 | | use duke_loader::DirectoryLoader;
  4 | | use std::path::PathBuf;
...   |
133 | | );
134 | | criterion_main!(benches);
    | |_________________________^
    |
    = note: requested on the command line with `-W missing-docs`

warning: missing documentation for a function
   --> crates/duke-interpreter/benches/interpreter.rs:126:1
    |
126 | / criterion_group!(
127 | |     benches,
128 | |     bench_sum,
129 | |     bench_fib,
...   |
132 | |     bench_bootstrap_only
133 | | );
    | |_^
    |
    = note: this warning originates in the macro `$crate::criterion_group` which comes from the expansion of the macro `criterion_group` (in Nightly builds, run with -Z macro-backtrace for more info)

warning: `duke-interpreter` (lib test) generated 20 warnings (20 duplicates)
warning: `duke-interpreter` (bench "interpreter") generated 2 warnings
warning: `duke-bytecode` (lib test) generated 454 warnings (454 duplicates)
warning: `duke-gc` (lib test) generated 6 warnings (6 duplicates)
warning: `duke-loader` (lib test) generated 2 warnings (2 duplicates)
    Finished `dev` profile [unoptimized + debuginfo] target(s) in 0.12s
